
> primesky-east-africa@1.0.0 build
> vite build

vite v5.4.19 building for production...
transforming...
Browserslist: browsers data (caniuse-lite) is 9 months old. Please run:
  npx update-browserslist-db@latest
  Why you should do it regularly: https://github.com/browserslist/update-db#readme

warn - The class `duration-[2000ms]` is ambiguous and matches multiple utilities.
warn - If this is content and not a class, replace it with `duration-&lsqb;2000ms&rsqb;` to silence this warning.
✓ 2821 modules transformed.
rendering chunks...
computing gzip size...
dist/index.html                   1.66 kB │ gzip:   0.64 kB
dist/assets/index-B6oB_M1c.css  110.14 kB │ gzip:  18.12 kB
dist/assets/index-gcKfATxd.js     3.98 kB │ gzip:   1.65 kB
dist/assets/index-C_qm0Ulz.js   727.98 kB │ gzip: 229.94 kB

(!) Some chunks are larger than 500 kB after minification. Consider:
- Using dynamic import() to code-split the application
- Use build.rollupOptions.output.manualChunks to improve chunking: https://rollupjs.org/configuration-options/#output-manualchunks
- Adjust chunk size limit for this warning via build.chunkSizeWarningLimit.
✓ built in 6.79s
